// Bun Snapshot v1, https://bun.sh/docs/test/snapshots

exports[`Advanced Bun Testing Features Advanced Snapshot Testing snapshot with generated data 1`] = `
{
  "config": {
    "ai": {
      "suggester": {
        "enabled": true,
      },
    },
    "api": {
      "version": "1.3.0",
    },
  },
  "id": "test-uuid-fixed",
  "timestamp": 1735084800000,
}
`;

exports[`Advanced Bun Testing Features Advanced Snapshot Testing snapshot file operations 1`] = `
{
  "content": "test content",
  "encoding": "utf8",
  "size": 12,
}
`;
